// Jest Snapshot v1, https://goo.gl/fbAQLP

exports[`The IntegrationTest stack matches the snapshot 1`] = `Object {}`;
